// Jest Snapshot v1, https://goo.gl/fbAQLP

exports[`Dashboard Container renders correctly 1`] = `ShallowWrapper {}`;
