// Jest Snapshot v1, https://goo.gl/fbAQLP

exports[`SongsTable renders correctly 1`] = `ShallowWrapper {}`;
