// Jest Snapshot v1, https://goo.gl/fbAQLP

exports[`TourEditor renders correctly 1`] = `ShallowWrapper {}`;
