// Jest Snapshot v1, https://goo.gl/fbAQLP

exports[`NarrowFacebookFeed Renders the NarrowFacebookFeed 1`] = `ShallowWrapper {}`;
