// Jest Snapshot v1, https://goo.gl/fbAQLP

exports[`NarrowAbout Renders the NarrowAbout 1`] = `ShallowWrapper {}`;
