// Jest Snapshot v1, https://goo.gl/fbAQLP

exports[`PhotoTable renders correctly 1`] = `ShallowWrapper {}`;
