// Jest Snapshot v1, https://goo.gl/fbAQLP

exports[`Inquiry Form renders correctly 1`] = `ShallowWrapper {}`;
