// Jest Snapshot v1, https://goo.gl/fbAQLP

exports[`/music renders with images 1`] = `ShallowWrapper {}`;
