// Jest Snapshot v1, https://goo.gl/fbAQLP

exports[`AppersonAutomotive Renders the AppersonAutomotive 1`] = `ShallowWrapper {}`;
