// Jest Snapshot v1, https://goo.gl/fbAQLP

exports[`CollegeLutheran Renders CollegeLutheran 1`] = `ShallowWrapper {}`;
