// Jest Snapshot v1, https://goo.gl/fbAQLP

exports[`HomepageData Renders the homepageData 1`] = `ShallowWrapper {}`;
