// Jest Snapshot v1, https://goo.gl/fbAQLP

exports[`the songs provider fetches the songs 1`] = `null`;
